   0.100000E+001  -0.200000E+001   0.100000E+000   0.120000E+002
   0.800000E+000  -0.400000E+001   0.200000E+000   0.144000E+002
   0.400000E+000  -0.560000E+001   0.300000E+000   0.172800E+002
  -0.160000E+000  -0.640000E+001   0.400000E+000   0.207360E+002
  -0.800000E+000  -0.608000E+001   0.500000E+000   0.248832E+002
  -0.140800E+001  -0.448000E+001   0.600000E+000   0.298598E+002
  -0.185600E+001  -0.166400E+001   0.700000E+000   0.358318E+002
  -0.202240E+001   0.204800E+001   0.800000E+000   0.429982E+002
  -0.181760E+001   0.609280E+001   0.900000E+000   0.515978E+002
  -0.120832E+001   0.972800E+001   0.100000E+001   0.619174E+002
  -0.235520E+000   0.121446E+002   0.110000E+001   0.743008E+002
   0.978944E+000   0.126157E+002   0.120000E+001   0.891610E+002
   0.224051E+001   0.106578E+002   0.130000E+001   0.106993E+003
   0.330629E+001   0.617677E+001   0.140000E+001   0.128392E+003
   0.392397E+001  -0.435816E+000   0.150000E+001   0.154070E+003
   0.388039E+001  -0.828375E+001   0.160000E+001   0.184884E+003
   0.305201E+001  -0.160445E+002   0.170000E+001   0.221861E+003
   0.144756E+001  -0.221485E+002   0.180000E+001   0.266233E+003
  -0.767296E+000  -0.250437E+002   0.190000E+001   0.319480E+003
  -0.327166E+001  -0.235091E+002   0.200000E+001   0.383376E+003
